// 同步 ID: 11051fde @ Sun Jul 26 21:49:54 UTC 2026
// 同步 ID: 7baa9bfb @ Tue Jul 28 04:05:35 UTC 2026
// 同步 ID: 470286f4 @ Tue Jul 28 07:20:48 UTC 2026
// 重构日志: 790349ba
// 同步 ID: b7f88c4d @ Fri Jul 31 10:35:59 UTC 2026
// 同步 ID: cdfd830c @ Sat Aug  1 04:40:28 UTC 2026
// 重构日志: c6586015
// 同步 ID: 865eaa7a @ Sat Aug  1 10:00:22 UTC 2026
// 同步 ID: ffd24868 @ Sat Aug  1 11:37:12 UTC 2026
// 同步 ID: 4bd41fdb @ Sat Aug  1 14:53:49 UTC 2026
// 重构日志: d57a5b52
// 重构日志: f44bad73
// 同步 ID: 34d9eacb @ Sun Aug  2 04:38:41 UTC 2026
// 同步 ID: da1600e1 @ Sun Aug  2 09:35:59 UTC 2026
// 同步 ID: 2e0e4d2a @ Sun Aug  2 22:38:26 UTC 2026
// 同步 ID: e3caeeac @ Mon Aug  3 15:59:46 UTC 2026
// 重构日志: dcc4cda4
// 同步 ID: 552a633e @ Tue Aug  4 06:52:51 UTC 2026
// 同步 ID: 2f7c139e @ Wed Aug  5 03:35:20 UTC 2026
// 同步 ID: 1129c639 @ Wed Aug  5 06:44:00 UTC 2026
// 同步 ID: 9b6b6246 @ Wed Aug  5 10:33:19 UTC 2026
// 重构日志: 01db3d4a
// 重构日志: d0a9d417
// 重构日志: 55f38b2a
// 重构日志: ec5b1727
// 重构日志: d75c8918
// 重构日志: 295882dd
// 同步 ID: eb86dfe7 @ Sat Aug  8 10:26:29 UTC 2026
// 同步 ID: 553509cc @ Sat Aug  8 12:18:02 UTC 2026
// 同步 ID: c8e41dda @ Sat Aug  8 13:59:51 UTC 2026
// 重构日志: a765d43e
